W0814 07:14:01.222000 2502330 torch/distributed/run.py:874] 
W0814 07:14:01.222000 2502330 torch/distributed/run.py:874] *****************************************
W0814 07:14:01.222000 2502330 torch/distributed/run.py:874] Setting OMP_NUM_THREADS environment variable for each process to be 1 in default, to avoid your system being overloaded, please further tune the variable for optimal performance in your application as needed. 
W0814 07:14:01.222000 2502330 torch/distributed/run.py:874] *****************************************
[D1_s0] step 0/400000 loss 7.6254 2.88s/step eta 319.96h
[rank5]: Traceback (most recent call last):
[rank5]:   File "/home/ubuntu/aspect-d/src/train.py", line 591, in <module>
[rank5]:     main()
[rank5]:   File "/home/ubuntu/aspect-d/src/train.py", line 513, in main
[rank5]:     l = masked_ce(model, t_ph[sl], t_phm[sl], inp_all[sl], t_fr_all[sl],
[rank5]:         ^^^^^^^^^^^^^^^^^^^^^^^^^^^^^^^^^^^^^^^^^^^^^^^^^^^^^^^^^^^^^^^^
[rank5]:   File "/home/ubuntu/aspect-d/src/train.py", line 186, in masked_ce
[rank5]:     hidden = model(ph, ph_msk, inp, fr_msk)
[rank5]:              ^^^^^^^^^^^^^^^^^^^^^^^^^^^^^^
[rank5]:   File "/home/ubuntu/venv/lib/python3.12/site-packages/torch/nn/modules/module.py", line 1778, in _wrapped_call_impl
[rank5]:     return self._call_impl(*args, **kwargs)
[rank5]:            ^^^^^^^^^^^^^^^^^^^^^^^^^^^^^^^^
[rank5]:   File "/home/ubuntu/venv/lib/python3.12/site-packages/torch/nn/modules/module.py", line 1789, in _call_impl
[rank5]:     return forward_call(*args, **kwargs)
[rank5]:            ^^^^^^^^^^^^^^^^^^^^^^^^^^^^^
[rank5]:   File "/home/ubuntu/venv/lib/python3.12/site-packages/torch/nn/parallel/distributed.py", line 1886, in forward
[rank5]:     inputs, kwargs = self._pre_forward(*inputs, **kwargs)
[rank5]:                      ^^^^^^^^^^^^^^^^^^^^^^^^^^^^^^^^^^^^
[rank5]:   File "/home/ubuntu/venv/lib/python3.12/site-packages/torch/nn/parallel/distributed.py", line 1775, in _pre_forward
[rank5]:     if torch.is_grad_enabled() and self.reducer._rebuild_buckets():
[rank5]:                                    ^^^^^^^^^^^^^^^^^^^^^^^^^^^^^^^
[rank5]: RuntimeError: Expected to have finished reduction in the prior iteration before starting a new one. This error indicates that your module has parameters that were not used in producing loss. You can enable unused parameter detection by passing the keyword argument `find_unused_parameters=True` to `torch.nn.parallel.DistributedDataParallel`, and by 
[rank5]: making sure all `forward` function outputs participate in calculating loss. 
[rank5]: If you already have done the above, then the distributed data parallel module wasn't able to locate the output tensors in the return value of your module's `forward` function. Please include the loss function and the structure of the return value of `forward` of your module when reporting this issue (e.g. list, dict, iterable).
[rank5]: Parameter indices which did not receive grad for rank 5: 72
[rank5]:  In addition, you can set the environment variable TORCH_DISTRIBUTED_DEBUG to either INFO or DETAIL to print out information about which particular parameters did not receive gradient on this rank as part of this error
[rank3]: Traceback (most recent call last):
[rank3]:   File "/home/ubuntu/aspect-d/src/train.py", line 591, in <module>
[rank3]:     main()
[rank3]:   File "/home/ubuntu/aspect-d/src/train.py", line 513, in main
[rank3]:     l = masked_ce(model, t_ph[sl], t_phm[sl], inp_all[sl], t_fr_all[sl],
[rank3]:         ^^^^^^^^^^^^^^^^^^^^^^^^^^^^^^^^^^^^^^^^^^^^^^^^^^^^^^^^^^^^^^^^
[rank3]:   File "/home/ubuntu/aspect-d/src/train.py", line 186, in masked_ce
[rank3]:     hidden = model(ph, ph_msk, inp, fr_msk)
[rank3]:              ^^^^^^^^^^^^^^^^^^^^^^^^^^^^^^
[rank3]:   File "/home/ubuntu/venv/lib/python3.12/site-packages/torch/nn/modules/module.py", line 1778, in _wrapped_call_impl
[rank3]:     return self._call_impl(*args, **kwargs)
[rank3]:            ^^^^^^^^^^^^^^^^^^^^^^^^^^^^^^^^
[rank3]:   File "/home/ubuntu/venv/lib/python3.12/site-packages/torch/nn/modules/module.py", line 1789, in _call_impl
[rank3]:     return forward_call(*args, **kwargs)
[rank3]:            ^^^^^^^^^^^^^^^^^^^^^^^^^^^^^
[rank3]:   File "/home/ubuntu/venv/lib/python3.12/site-packages/torch/nn/parallel/distributed.py", line 1886, in forward
[rank3]:     inputs, kwargs = self._pre_forward(*inputs, **kwargs)
[rank3]:                      ^^^^^^^^^^^^^^^^^^^^^^^^^^^^^^^^^^^^
[rank3]:   File "/home/ubuntu/venv/lib/python3.12/site-packages/torch/nn/parallel/distributed.py", line 1775, in _pre_forward
[rank3]:     if torch.is_grad_enabled() and self.reducer._rebuild_buckets():
[rank3]:                                    ^^^^^^^^^^^^^^^^^^^^^^^^^^^^^^^
[rank3]: RuntimeError: Expected to have finished reduction in the prior iteration before starting a new one. This error indicates that your module has parameters that were not used in producing loss. You can enable unused parameter detection by passing the keyword argument `find_unused_parameters=True` to `torch.nn.parallel.DistributedDataParallel`, and by 
[rank3]: making sure all `forward` function outputs participate in calculating loss. 
[rank3]: If you already have done the above, then the distributed data parallel module wasn't able to locate the output tensors in the return value of your module's `forward` function. Please include the loss function and the structure of the return value of `forward` of your module when reporting this issue (e.g. list, dict, iterable).
[rank3]: Parameter indices which did not receive grad for rank 3: 72
[rank3]:  In addition, you can set the environment variable TORCH_DISTRIBUTED_DEBUG to either INFO or DETAIL to print out information about which particular parameters did not receive gradient on this rank as part of this error
[rank6]: Traceback (most recent call last):
[rank6]:   File "/home/ubuntu/aspect-d/src/train.py", line 591, in <module>
[rank6]:     main()
[rank6]:   File "/home/ubuntu/aspect-d/src/train.py", line 513, in main
[rank6]:     l = masked_ce(model, t_ph[sl], t_phm[sl], inp_all[sl], t_fr_all[sl],
[rank6]:         ^^^^^^^^^^^^^^^^^^^^^^^^^^^^^^^^^^^^^^^^^^^^^^^^^^^^^^^^^^^^^^^^
[rank6]:   File "/home/ubuntu/aspect-d/src/train.py", line 186, in masked_ce
[rank6]:     hidden = model(ph, ph_msk, inp, fr_msk)
[rank6]:              ^^^^^^^^^^^^^^^^^^^^^^^^^^^^^^
[rank6]:   File "/home/ubuntu/venv/lib/python3.12/site-packages/torch/nn/modules/module.py", line 1778, in _wrapped_call_impl
[rank6]:     return self._call_impl(*args, **kwargs)
[rank6]:            ^^^^^^^^^^^^^^^^^^^^^^^^^^^^^^^^
[rank6]:   File "/home/ubuntu/venv/lib/python3.12/site-packages/torch/nn/modules/module.py", line 1789, in _call_impl
[rank6]:     return forward_call(*args, **kwargs)
[rank6]:            ^^^^^^^^^^^^^^^^^^^^^^^^^^^^^
[rank6]:   File "/home/ubuntu/venv/lib/python3.12/site-packages/torch/nn/parallel/distributed.py", line 1886, in forward
[rank6]:     inputs, kwargs = self._pre_forward(*inputs, **kwargs)
[rank6]:                      ^^^^^^^^^^^^^^^^^^^^^^^^^^^^^^^^^^^^
[rank6]:   File "/home/ubuntu/venv/lib/python3.12/site-packages/torch/nn/parallel/distributed.py", line 1775, in _pre_forward
[rank6]:     if torch.is_grad_enabled() and self.reducer._rebuild_buckets():
[rank6]:                                    ^^^^^^^^^^^^^^^^^^^^^^^^^^^^^^^
[rank6]: RuntimeError: Expected to have finished reduction in the prior iteration before starting a new one. This error indicates that your module has parameters that were not used in producing loss. You can enable unused parameter detection by passing the keyword argument `find_unused_parameters=True` to `torch.nn.parallel.DistributedDataParallel`, and by 
[rank6]: making sure all `forward` function outputs participate in calculating loss. 
[rank6]: If you already have done the above, then the distributed data parallel module wasn't able to locate the output tensors in the return value of your module's `forward` function. Please include the loss function and the structure of the return value of `forward` of your module when reporting this issue (e.g. list, dict, iterable).
[rank6]: Parameter indices which did not receive grad for rank 6: 72
[rank6]:  In addition, you can set the environment variable TORCH_DISTRIBUTED_DEBUG to either INFO or DETAIL to print out information about which particular parameters did not receive gradient on this rank as part of this error
[rank4]: Traceback (most recent call last):
[rank4]:   File "/home/ubuntu/aspect-d/src/train.py", line 591, in <module>
[rank4]:     main()
[rank4]:   File "/home/ubuntu/aspect-d/src/train.py", line 513, in main
[rank4]:     l = masked_ce(model, t_ph[sl], t_phm[sl], inp_all[sl], t_fr_all[sl],
[rank4]:         ^^^^^^^^^^^^^^^^^^^^^^^^^^^^^^^^^^^^^^^^^^^^^^^^^^^^^^^^^^^^^^^^
[rank4]:   File "/home/ubuntu/aspect-d/src/train.py", line 186, in masked_ce
[rank4]:     hidden = model(ph, ph_msk, inp, fr_msk)
[rank4]:              ^^^^^^^^^^^^^^^^^^^^^^^^^^^^^^
[rank4]:   File "/home/ubuntu/venv/lib/python3.12/site-packages/torch/nn/modules/module.py", line 1778, in _wrapped_call_impl
[rank4]:     return self._call_impl(*args, **kwargs)
[rank4]:            ^^^^^^^^^^^^^^^^^^^^^^^^^^^^^^^^
[rank4]:   File "/home/ubuntu/venv/lib/python3.12/site-packages/torch/nn/modules/module.py", line 1789, in _call_impl
[rank4]:     return forward_call(*args, **kwargs)
[rank4]:            ^^^^^^^^^^^^^^^^^^^^^^^^^^^^^
[rank4]:   File "/home/ubuntu/venv/lib/python3.12/site-packages/torch/nn/parallel/distributed.py", line 1886, in forward
[rank4]:     inputs, kwargs = self._pre_forward(*inputs, **kwargs)
[rank4]:                      ^^^^^^^^^^^^^^^^^^^^^^^^^^^^^^^^^^^^
[rank4]:   File "/home/ubuntu/venv/lib/python3.12/site-packages/torch/nn/parallel/distributed.py", line 1775, in _pre_forward
[rank4]:     if torch.is_grad_enabled() and self.reducer._rebuild_buckets():
[rank4]:                                    ^^^^^^^^^^^^^^^^^^^^^^^^^^^^^^^
[rank4]: RuntimeError: Expected to have finished reduction in the prior iteration before starting a new one. This error indicates that your module has parameters that were not used in producing loss. You can enable unused parameter detection by passing the keyword argument `find_unused_parameters=True` to `torch.nn.parallel.DistributedDataParallel`, and by 
[rank4]: making sure all `forward` function outputs participate in calculating loss. 
[rank4]: If you already have done the above, then the distributed data parallel module wasn't able to locate the output tensors in the return value of your module's `forward` function. Please include the loss function and the structure of the return value of `forward` of your module when reporting this issue (e.g. list, dict, iterable).
[rank4]: Parameter indices which did not receive grad for rank 4: 72
[rank4]:  In addition, you can set the environment variable TORCH_DISTRIBUTED_DEBUG to either INFO or DETAIL to print out information about which particular parameters did not receive gradient on this rank as part of this error
[rank2]: Traceback (most recent call last):
[rank2]:   File "/home/ubuntu/aspect-d/src/train.py", line 591, in <module>
[rank2]:     main()
[rank2]:   File "/home/ubuntu/aspect-d/src/train.py", line 513, in main
[rank2]:     l = masked_ce(model, t_ph[sl], t_phm[sl], inp_all[sl], t_fr_all[sl],
[rank2]:         ^^^^^^^^^^^^^^^^^^^^^^^^^^^^^^^^^^^^^^^^^^^^^^^^^^^^^^^^^^^^^^^^
[rank2]:   File "/home/ubuntu/aspect-d/src/train.py", line 186, in masked_ce
[rank2]:     hidden = model(ph, ph_msk, inp, fr_msk)
[rank2]:              ^^^^^^^^^^^^^^^^^^^^^^^^^^^^^^
[rank2]:   File "/home/ubuntu/venv/lib/python3.12/site-packages/torch/nn/modules/module.py", line 1778, in _wrapped_call_impl
[rank2]:     return self._call_impl(*args, **kwargs)
[rank2]:            ^^^^^^^^^^^^^^^^^^^^^^^^^^^^^^^^
[rank2]:   File "/home/ubuntu/venv/lib/python3.12/site-packages/torch/nn/modules/module.py", line 1789, in _call_impl
[rank2]:     return forward_call(*args, **kwargs)
[rank2]:            ^^^^^^^^^^^^^^^^^^^^^^^^^^^^^
[rank2]:   File "/home/ubuntu/venv/lib/python3.12/site-packages/torch/nn/parallel/distributed.py", line 1886, in forward
[rank2]:     inputs, kwargs = self._pre_forward(*inputs, **kwargs)
[rank2]:                      ^^^^^^^^^^^^^^^^^^^^^^^^^^^^^^^^^^^^
[rank2]:   File "/home/ubuntu/venv/lib/python3.12/site-packages/torch/nn/parallel/distributed.py", line 1775, in _pre_forward
[rank2]:     if torch.is_grad_enabled() and self.reducer._rebuild_buckets():
[rank2]:                                    ^^^^^^^^^^^^^^^^^^^^^^^^^^^^^^^
[rank2]: RuntimeError: Expected to have finished reduction in the prior iteration before starting a new one. This error indicates that your module has parameters that were not used in producing loss. You can enable unused parameter detection by passing the keyword argument `find_unused_parameters=True` to `torch.nn.parallel.DistributedDataParallel`, and by 
[rank2]: making sure all `forward` function outputs participate in calculating loss. 
[rank2]: If you already have done the above, then the distributed data parallel module wasn't able to locate the output tensors in the return value of your module's `forward` function. Please include the loss function and the structure of the return value of `forward` of your module when reporting this issue (e.g. list, dict, iterable).
[rank2]: Parameter indices which did not receive grad for rank 2: 72
[rank2]:  In addition, you can set the environment variable TORCH_DISTRIBUTED_DEBUG to either INFO or DETAIL to print out information about which particular parameters did not receive gradient on this rank as part of this error
[rank0]: Traceback (most recent call last):
[rank0]:   File "/home/ubuntu/aspect-d/src/train.py", line 591, in <module>
[rank0]:     main()
[rank0]:   File "/home/ubuntu/aspect-d/src/train.py", line 513, in main
[rank0]:     l = masked_ce(model, t_ph[sl], t_phm[sl], inp_all[sl], t_fr_all[sl],
[rank0]:         ^^^^^^^^^^^^^^^^^^^^^^^^^^^^^^^^^^^^^^^^^^^^^^^^^^^^^^^^^^^^^^^^
[rank0]:   File "/home/ubuntu/aspect-d/src/train.py", line 186, in masked_ce
[rank0]:     hidden = model(ph, ph_msk, inp, fr_msk)
[rank0]:              ^^^^^^^^^^^^^^^^^^^^^^^^^^^^^^
[rank0]:   File "/home/ubuntu/venv/lib/python3.12/site-packages/torch/nn/modules/module.py", line 1778, in _wrapped_call_impl
[rank0]:     return self._call_impl(*args, **kwargs)
[rank0]:            ^^^^^^^^^^^^^^^^^^^^^^^^^^^^^^^^
[rank0]:   File "/home/ubuntu/venv/lib/python3.12/site-packages/torch/nn/modules/module.py", line 1789, in _call_impl
[rank0]:     return forward_call(*args, **kwargs)
[rank0]:            ^^^^^^^^^^^^^^^^^^^^^^^^^^^^^
[rank0]:   File "/home/ubuntu/venv/lib/python3.12/site-packages/torch/nn/parallel/distributed.py", line 1886, in forward
[rank0]:     inputs, kwargs = self._pre_forward(*inputs, **kwargs)
[rank0]:                      ^^^^^^^^^^^^^^^^^^^^^^^^^^^^^^^^^^^^
[rank0]:   File "/home/ubuntu/venv/lib/python3.12/site-packages/torch/nn/parallel/distributed.py", line 1775, in _pre_forward
[rank0]:     if torch.is_grad_enabled() and self.reducer._rebuild_buckets():
[rank0]:                                    ^^^^^^^^^^^^^^^^^^^^^^^^^^^^^^^
[rank0]: RuntimeError: Expected to have finished reduction in the prior iteration before starting a new one. This error indicates that your module has parameters that were not used in producing loss. You can enable unused parameter detection by passing the keyword argument `find_unused_parameters=True` to `torch.nn.parallel.DistributedDataParallel`, and by 
[rank0]: making sure all `forward` function outputs participate in calculating loss. 
[rank0]: If you already have done the above, then the distributed data parallel module wasn't able to locate the output tensors in the return value of your module's `forward` function. Please include the loss function and the structure of the return value of `forward` of your module when reporting this issue (e.g. list, dict, iterable).
[rank0]: Parameter indices which did not receive grad for rank 0: 72
[rank0]:  In addition, you can set the environment variable TORCH_DISTRIBUTED_DEBUG to either INFO or DETAIL to print out information about which particular parameters did not receive gradient on this rank as part of this error
[rank7]: Traceback (most recent call last):
[rank7]:   File "/home/ubuntu/aspect-d/src/train.py", line 591, in <module>
[rank7]:     main()
[rank7]:   File "/home/ubuntu/aspect-d/src/train.py", line 513, in main
[rank7]:     l = masked_ce(model, t_ph[sl], t_phm[sl], inp_all[sl], t_fr_all[sl],
[rank7]:         ^^^^^^^^^^^^^^^^^^^^^^^^^^^^^^^^^^^^^^^^^^^^^^^^^^^^^^^^^^^^^^^^
[rank7]:   File "/home/ubuntu/aspect-d/src/train.py", line 186, in masked_ce
[rank7]:     hidden = model(ph, ph_msk, inp, fr_msk)
[rank7]:              ^^^^^^^^^^^^^^^^^^^^^^^^^^^^^^
[rank7]:   File "/home/ubuntu/venv/lib/python3.12/site-packages/torch/nn/modules/module.py", line 1778, in _wrapped_call_impl
[rank7]:     return self._call_impl(*args, **kwargs)
[rank7]:            ^^^^^^^^^^^^^^^^^^^^^^^^^^^^^^^^
[rank7]:   File "/home/ubuntu/venv/lib/python3.12/site-packages/torch/nn/modules/module.py", line 1789, in _call_impl
[rank7]:     return forward_call(*args, **kwargs)
[rank7]:            ^^^^^^^^^^^^^^^^^^^^^^^^^^^^^
[rank7]:   File "/home/ubuntu/venv/lib/python3.12/site-packages/torch/nn/parallel/distributed.py", line 1886, in forward
[rank7]:     inputs, kwargs = self._pre_forward(*inputs, **kwargs)
[rank7]:                      ^^^^^^^^^^^^^^^^^^^^^^^^^^^^^^^^^^^^
[rank7]:   File "/home/ubuntu/venv/lib/python3.12/site-packages/torch/nn/parallel/distributed.py", line 1775, in _pre_forward
[rank7]:     if torch.is_grad_enabled() and self.reducer._rebuild_buckets():
[rank7]:                                    ^^^^^^^^^^^^^^^^^^^^^^^^^^^^^^^
[rank7]: RuntimeError: Expected to have finished reduction in the prior iteration before starting a new one. This error indicates that your module has parameters that were not used in producing loss. You can enable unused parameter detection by passing the keyword argument `find_unused_parameters=True` to `torch.nn.parallel.DistributedDataParallel`, and by 
[rank7]: making sure all `forward` function outputs participate in calculating loss. 
[rank7]: If you already have done the above, then the distributed data parallel module wasn't able to locate the output tensors in the return value of your module's `forward` function. Please include the loss function and the structure of the return value of `forward` of your module when reporting this issue (e.g. list, dict, iterable).
[rank7]: Parameter indices which did not receive grad for rank 7: 72
[rank7]:  In addition, you can set the environment variable TORCH_DISTRIBUTED_DEBUG to either INFO or DETAIL to print out information about which particular parameters did not receive gradient on this rank as part of this error
[rank1]: Traceback (most recent call last):
[rank1]:   File "/home/ubuntu/aspect-d/src/train.py", line 591, in <module>
[rank1]:     main()
[rank1]:   File "/home/ubuntu/aspect-d/src/train.py", line 513, in main
[rank1]:     l = masked_ce(model, t_ph[sl], t_phm[sl], inp_all[sl], t_fr_all[sl],
[rank1]:         ^^^^^^^^^^^^^^^^^^^^^^^^^^^^^^^^^^^^^^^^^^^^^^^^^^^^^^^^^^^^^^^^
[rank1]:   File "/home/ubuntu/aspect-d/src/train.py", line 186, in masked_ce
[rank1]:     hidden = model(ph, ph_msk, inp, fr_msk)
[rank1]:              ^^^^^^^^^^^^^^^^^^^^^^^^^^^^^^
[rank1]:   File "/home/ubuntu/venv/lib/python3.12/site-packages/torch/nn/modules/module.py", line 1778, in _wrapped_call_impl
[rank1]:     return self._call_impl(*args, **kwargs)
[rank1]:            ^^^^^^^^^^^^^^^^^^^^^^^^^^^^^^^^
[rank1]:   File "/home/ubuntu/venv/lib/python3.12/site-packages/torch/nn/modules/module.py", line 1789, in _call_impl
[rank1]:     return forward_call(*args, **kwargs)
[rank1]:            ^^^^^^^^^^^^^^^^^^^^^^^^^^^^^
[rank1]:   File "/home/ubuntu/venv/lib/python3.12/site-packages/torch/nn/parallel/distributed.py", line 1886, in forward
[rank1]:     inputs, kwargs = self._pre_forward(*inputs, **kwargs)
[rank1]:                      ^^^^^^^^^^^^^^^^^^^^^^^^^^^^^^^^^^^^
[rank1]:   File "/home/ubuntu/venv/lib/python3.12/site-packages/torch/nn/parallel/distributed.py", line 1775, in _pre_forward
[rank1]:     if torch.is_grad_enabled() and self.reducer._rebuild_buckets():
[rank1]:                                    ^^^^^^^^^^^^^^^^^^^^^^^^^^^^^^^
[rank1]: RuntimeError: Expected to have finished reduction in the prior iteration before starting a new one. This error indicates that your module has parameters that were not used in producing loss. You can enable unused parameter detection by passing the keyword argument `find_unused_parameters=True` to `torch.nn.parallel.DistributedDataParallel`, and by 
[rank1]: making sure all `forward` function outputs participate in calculating loss. 
[rank1]: If you already have done the above, then the distributed data parallel module wasn't able to locate the output tensors in the return value of your module's `forward` function. Please include the loss function and the structure of the return value of `forward` of your module when reporting this issue (e.g. list, dict, iterable).
[rank1]: Parameter indices which did not receive grad for rank 1: 72
[rank1]:  In addition, you can set the environment variable TORCH_DISTRIBUTED_DEBUG to either INFO or DETAIL to print out information about which particular parameters did not receive gradient on this rank as part of this error
[rank0]:[W814 07:14:50.909596126 ProcessGroupNCCL.cpp:1624] Warning: WARNING: destroy_process_group() was not called before program exit, which can leak resources. For more info, please see https://pytorch.org/docs/stable/distributed.html#shutdown (function operator())
W0814 07:14:52.691000 2502330 torch/distributed/elastic/multiprocessing/api.py:1028] Sending process 2502425 closing signal SIGTERM
W0814 07:14:52.691000 2502330 torch/distributed/elastic/multiprocessing/api.py:1028] Sending process 2502427 closing signal SIGTERM
W0814 07:14:52.691000 2502330 torch/distributed/elastic/multiprocessing/api.py:1028] Sending process 2502429 closing signal SIGTERM
W0814 07:14:52.691000 2502330 torch/distributed/elastic/multiprocessing/api.py:1028] Sending process 2502430 closing signal SIGTERM
W0814 07:14:52.692000 2502330 torch/distributed/elastic/multiprocessing/api.py:1028] Sending process 2502431 closing signal SIGTERM
W0814 07:14:52.692000 2502330 torch/distributed/elastic/multiprocessing/api.py:1028] Sending process 2502432 closing signal SIGTERM
E0814 07:14:53.383000 2502330 torch/distributed/elastic/multiprocessing/api.py:1002] failed (exitcode: 1) local_rank: 1 (pid: 2502426) of binary: /home/ubuntu/venv/bin/python3
Traceback (most recent call last):
  File "/home/ubuntu/venv/bin/torchrun", line 6, in <module>
    sys.exit(main())
             ^^^^^^
  File "/home/ubuntu/venv/lib/python3.12/site-packages/torch/distributed/elastic/multiprocessing/errors/__init__.py", line 367, in wrapper
    return f(*args, **kwargs)
           ^^^^^^^^^^^^^^^^^^
  File "/home/ubuntu/venv/lib/python3.12/site-packages/torch/distributed/run.py", line 1028, in main
    run(args)
  File "/home/ubuntu/venv/lib/python3.12/site-packages/torch/distributed/run.py", line 1019, in run
    elastic_launch(
  File "/home/ubuntu/venv/lib/python3.12/site-packages/torch/distributed/launcher/api.py", line 194, in __call__
    return launch_agent(
           ^^^^^^^^^^^^^
  File "/home/ubuntu/venv/lib/python3.12/site-packages/torch/distributed/launcher/api.py", line 383, in launch_agent
    raise ChildFailedError(
torch.distributed.elastic.multiprocessing.errors.ChildFailedError: 
============================================================
train.py FAILED
------------------------------------------------------------
Failures:
[1]:
  time      : 2026-08-14_07:14:52
  host      : ip-10-0-23-118.us-east-2.compute.internal
  rank      : 3 (local_rank: 3)
  exitcode  : 1 (pid: 2502428) 
  error_file: <N/A>
  traceback : To enable traceback see: https://pytorch.org/docs/stable/elastic/errors.html
[2]:
  time      : 2026-08-14_07:14:53
  host      : ip-10-0-23-118.us-east-2.compute.internal
  rank      : 0 (local_rank: 0)
  exitcode  : 1 (pid: 2502425) 
  error_file: <N/A>
  traceback : To enable traceback see: https://pytorch.org/docs/stable/elastic/errors.html
[3]:
  time      : 2026-08-14_07:14:53
  host      : ip-10-0-23-118.us-east-2.compute.internal
  rank      : 2 (local_rank: 2)
  exitcode  : 1 (pid: 2502427) 
  error_file: <N/A>
  traceback : To enable traceback see: https://pytorch.org/docs/stable/elastic/errors.html
[4]:
  time      : 2026-08-14_07:14:53
  host      : ip-10-0-23-118.us-east-2.compute.internal
  rank      : 4 (local_rank: 4)
  exitcode  : 1 (pid: 2502429) 
  error_file: <N/A>
  traceback : To enable traceback see: https://pytorch.org/docs/stable/elastic/errors.html
[5]:
  time      : 2026-08-14_07:14:53
  host      : ip-10-0-23-118.us-east-2.compute.internal
  rank      : 5 (local_rank: 5)
  exitcode  : 1 (pid: 2502430) 
  error_file: <N/A>
  traceback : To enable traceback see: https://pytorch.org/docs/stable/elastic/errors.html
[6]:
  time      : 2026-08-14_07:14:53
  host      : ip-10-0-23-118.us-east-2.compute.internal
  rank      : 6 (local_rank: 6)
  exitcode  : 1 (pid: 2502431) 
  error_file: <N/A>
  traceback : To enable traceback see: https://pytorch.org/docs/stable/elastic/errors.html
[7]:
  time      : 2026-08-14_07:14:53
  host      : ip-10-0-23-118.us-east-2.compute.internal
  rank      : 7 (local_rank: 7)
  exitcode  : 1 (pid: 2502432) 
  error_file: <N/A>
  traceback : To enable traceback see: https://pytorch.org/docs/stable/elastic/errors.html
------------------------------------------------------------
Root Cause (first observed failure):
[0]:
  time      : 2026-08-14_07:14:52
  host      : ip-10-0-23-118.us-east-2.compute.internal
  rank      : 1 (local_rank: 1)
  exitcode  : 1 (pid: 2502426) 
  error_file: <N/A>
  traceback : To enable traceback see: https://pytorch.org/docs/stable/elastic/errors.html
============================================================
