[anchor] creating isolated venv
[anchor] installing f5-tts (isolated)
[anchor] project venv intact: 5.14.1 2.4.6
[anchor] smoke test on 5 items
el :  /home/ubuntu/.cache/huggingface/hub/models--SWivid--F5-TTS/snapshots/84e5a410d9cead4de2f847e7c9369a6440bdfaca/F5TTS_v1_Base/model_1250000.safetensors 

Converting audio...
Using custom reference text...

ref_text   Yep. So, shouldn't you just get network plus so that you get that?. 
gen_text 0 I mean, it's, I'm sorry to put you in the hot seat. It's just these are, I think it's questions that a lot of people would have about trying to make the most of their time, make the most of their money.


Generating audio in 1 batches...
[f5] 0/5
Converting audio...
Using custom reference text...

ref_text   Oh, here we go! Get me close. 
gen_text 0 Our goal is gonna be to win a whole round, buddy. Get that yellow, get that yellow!


Generating audio in 1 batches...
Converting audio...
Using custom reference text...

ref_text   Ted skied all day long. 
gen_text 0 Ted jumped into the little bed upstairs, and Fred jumped into the big bed downstairs.


Generating audio in 1 batches...
Converting audio...
Using custom reference text...

ref_text   Well I hope there's a, a movie about... 
gen_text 0 What about your, uh, your husband's newfound love for guns? Are you excited about that?


Generating audio in 1 batches...
Converting audio...
Using custom reference text...

ref_text   Mine, mine, I would like mine to be Richard Packington. 
gen_text 0 I'm uh, I'm saying that there's a difference between roller skating and inline skating.


Generating audio in 1 batches...
[f5] rendered 5

[anchor] full set, 400 items, 177 min left
